[Licensing::Module] Trying to connect to existing licensing client channel...
Built from '6000.6/respin/6000.6.0f1-fa21a270ab12' branch; Version is '6000.6.0f1 (f7f8ed4d1e24) revision 16251117'; Using compiler version '194234433'; Build Type 'Release'
OS: 'Windows 11  (10.0.26200) Core' Language: 'en' Physical Memory: 32475 MB
BatchMode: 1, IsHumanControllingUs: 0, StartBugReporterOnCrash: 0, Is64bit: 1
System  architecture: x64
Process architecture: x64
Date: 2026-09-10T18:54:25Z
[Licensing::IpcConnector] Successfully connected to: "LicenseClient-Umid" at "2026-09-10T18:54:25.3429378Z"
[Licensing::Client] Code 10 while verifying Licensing Client signature (process Id: 27064, path: "C:/Program Files/Unity/Hub/Editor/6000.6.0f1/Editor/Data/Resources/Licensing/Client/Unity.Licensing.Client.exe")
[Licensing::Module] LicensingClient has failed validation; ignoring
[Licensing::Client] Handshaking with LicensingClient:
  Version:                 1.18.3+d7ffd15
  Session Id:              70b1d1925c7b4197af96f7f1e15e922e
  Correlation Id:          a646912c495ff7f45f0c5cb379a0866f
  External correlation Id: 4776327409210080840
  Machine Id:              aYd6chCzwXDWuT2VlVg1LkBP/S8=
[Licensing::Module] Successfully connected to LicensingClient on channel: "LicenseClient-Umid" (connect: 0.00s, validation: 0.00s, handshake: 0.03s)
[Licensing::IpcConnector] Successfully connected to: "LicenseClient-Umid-notifications" at "2026-09-10T18:54:25.380498Z"
[Licensing::Module] Licensing Background thread has ended after 0.04s

COMMAND LINE ARGUMENTS:
C:\Program Files\Unity\Hub\Editor\6000.6.0f1\Editor\Unity.exe
-adb2
-batchMode
-noUpm
-name
AssetImportWorkerHW1
-projectPath
C:/Users/user/Desktop/UNITY PROJECT/InertialNetcodeDemo
-logFile
Logs/AssetImportWorkerHW1.log
-srvPort
63289
-parentPid
37360
-analyticsCloudUserId
18968496378207
-analyticsCloudProjectId
27d3c1c9-2ca6-4457-9b66-da08df0230d7
-analyticsLocalProjectId
f9bffa8c58e7e5445968c70169fcb7cb
-editorAnalyticsEnabled
1
-cbmEditorLicense
994e7ce67f05e7bfd0911b3f513a60f7a2409dba
-cbmMachineId
aYd6chCzwXDWuT2VlVg1LkBP/S8=
-licensingIpc
LicenseClient-Umid
-noDiagnosticSwitchPersistentStore
-job-worker-count
9
-background-job-worker-count
8
-asset-garbage-collectors
1
-force-d3d12
-name
AssetImport
Successfully changed project path to: C:/Users/user/Desktop/UNITY PROJECT/InertialNetcodeDemo
C:/Users/user/Desktop/UNITY PROJECT/InertialNetcodeDemo
[UnityMemory] Configuration Parameters - Can be set up in boot.config
    "memorysetup-temp-allocator-size-gi-baking-worker=262144"
    "memorysetup-temp-allocator-size-gi-baking-worker=262144"
    "memorysetup-temp-allocator-size-gi-baking-worker=262144"
    "memorysetup-temp-allocator-size-gi-baking-worker=262144"
    "memorysetup-temp-allocator-size-gi-baking-worker=262144"
    "memorysetup-temp-allocator-size-nav-mesh-worker=65536"
    "memorysetup-temp-allocator-size-audio-worker=65536"
    "memorysetup-temp-allocator-size-cloud-worker=32768"
    "memorysetup-temp-allocator-size-gfx=262144"
    "memorysetup-remapper-allocator-initial-capacity=32768"
    "memorysetup-temp-allocator-size-preload-manager=33554432"
    "memorysetup-allocator-temp-initial-block-size-main=262144"
    "memorysetup-allocator-temp-initial-block-size-worker=262144"
    "memorysetup-temp-allocator-size-job-worker=262144"
    "memorysetup-temp-allocator-size-background-worker=32768"
    "memorysetup-bucket-allocator-granularity=16"
    "memorysetup-bucket-allocator-bucket-count=8"
    "memorysetup-bucket-allocator-block-size=33554432"
    "memorysetup-bucket-allocator-block-count=8"
    "memorysetup-main-allocator-block-size=16777216"
    "memorysetup-thread-allocator-block-size=16777216"
    "memorysetup-main-allocator-mimalloc-enabled=1"
    "memorysetup-gfx-main-allocator-block-size=16777216"
    "memorysetup-gfx-thread-allocator-block-size=16777216"
    "memorysetup-cache-allocator-block-size=4194304"
    "memorysetup-typetree-allocator-block-size=2097152"
    "memorysetup-profiler-bucket-allocator-granularity=16"
    "memorysetup-profiler-bucket-allocator-bucket-count=8"
    "memorysetup-profiler-bucket-allocator-block-size=33554432"
    "memorysetup-profiler-bucket-allocator-block-count=8"
    "memorysetup-profiler-allocator-block-size=16777216"
    "memorysetup-profiler-editor-allocator-block-size=1048576"
    "memorysetup-temp-allocator-size-main=16777216"
    "memorysetup-job-temp-allocator-block-size=2097152"
    "memorysetup-job-temp-allocator-block-size-background=1048576"
    "memorysetup-job-temp-allocator-reduction-small-platforms=262144"
Player connection [35480]  Target information:

Player connection [35480]  * "[IP] 192.168.37.1 [Port] 0 [Flags] 2 [Guid] 3059154106 [EditorId] 3059154106 [Version] 1048832 [Id] WindowsEditor(7,Asadoff) [Debug] 1 [PackageName] WindowsEditor [ProjectName] Editor" 

Player connection [35480]  * "[IP] 192.168.80.1 [Port] 0 [Flags] 2 [Guid] 3059154106 [EditorId] 3059154106 [Version] 1048832 [Id] WindowsEditor(7,Asadoff) [Debug] 1 [PackageName] WindowsEditor [ProjectName] Editor" 

Player connection [35480]  * "[IP] 26.194.124.31 [Port] 0 [Flags] 2 [Guid] 3059154106 [EditorId] 3059154106 [Version] 1048832 [Id] WindowsEditor(7,Asadoff) [Debug] 1 [PackageName] WindowsEditor [ProjectName] Editor" 

Player connection [35480]  * "[IP] 192.168.1.142 [Port] 0 [Flags] 2 [Guid] 3059154106 [EditorId] 3059154106 [Version] 1048832 [Id] WindowsEditor(7,Asadoff) [Debug] 1 [PackageName] WindowsEditor [ProjectName] Editor" 

Player connection [35480] Host joined multi-casting on [225.0.0.222:54997]...
Player connection [35480] Host joined alternative multi-casting on [225.0.0.222:34997]...
JobSystem: Creating JobQueue using job-worker-count value 9
Input System module state changed to: Initialized.
[Physics::Module] Initialized fallback backend.
[Physics::Module] Id: 0xdecafbad
Library Redirect Path: Library/
Initialising UDS system complete:
  - System type: Client
  - Resource namespace: c2ea3283c804745d3101f4b2dfa1387e
  - Shared memory size: 1073741824
  - Command buffer id: 1052576
  - Command buffer size: 8192
  - Hashmap size: 4194304
  - Service connected: true
  - Service working directory: Library/DataStore/
[Physics::Module] Selected backend.
[Physics::Module] Name: PhysX
[Physics::Module] Id: 0xf2b8ea05
[Physics::Module] SDK Version: 4.1.2
[Physics::Module] Integration Version: 1.0.0
[Physics::Module] Threading Mode: Multi-Threaded
Refreshing native plugins compatible for Editor in 6.63 ms, found 5 plugins.
Initialize engine version: 6000.6.0f1 (f7f8ed4d1e24)
[EntityIdStore] init: VM path (explicit commit), pageSize=4096, blockCount=1048576, entitiesPerBlock=256, slots reserved=4294967296 bytes
[Subsystems] Discovering subsystems at path C:/Program Files/Unity/Hub/Editor/6000.6.0f1/Editor/Data/Resources/UnitySubsystems
[Subsystems] Discovering subsystems at path C:/Users/user/Desktop/UNITY PROJECT/InertialNetcodeDemo/Assets
Forcing GfxDevice: Direct3D 12
GfxDevice: creating device client; kGfxThreadingModeNonThreaded
d3d12: failed to query info queue interface (0x80004002).
Direct3D:
    Version:         Direct3D 12 [level 12.2]
    Renderer:        NVIDIA GeForce RTX 4060 Laptop GPU (ID=0x28e0)
    Vendor:          NVIDIA
    VRAM:            7956 MB
    App VRAM Budget: 7188 MB
    Driver:          32.0.16.1062
Initialize mono
Mono path[0] = 'C:/Program Files/Unity/Hub/Editor/6000.6.0f1/Editor/Data/Managed'
Mono path[1] = 'C:/Program Files/Unity/Hub/Editor/6000.6.0f1/Editor/Data/BCLExtensions/runtime/netstandard2.1'
Mono path[2] = 'C:/Program Files/Unity/Hub/Editor/6000.6.0f1/Editor/Data/MonoBleedingEdge/lib/mono/unityjit-win32'
Mono config path = 'C:/Program Files/Unity/Hub/Editor/6000.6.0f1/Editor/Data/MonoBleedingEdge/etc'
Using monoOptions --debugger-agent=transport=dt_socket,embedding=1,server=y,suspend=n,address=127.0.0.1:56672
CodeReloadManager initialized
Begin MonoManager ReloadAssembly
Registering precompiled unity dll's ...
Register platform support module: C:/Program Files/Unity/Hub/Editor/6000.6.0f1/Editor/Data/PlaybackEngines/WebGLSupport/UnityEditor.WebGL.Extensions.dll
Register platform support module: C:/Program Files/Unity/Hub/Editor/6000.6.0f1/Editor/Data/PlaybackEngines/WindowsStandaloneSupport/UnityEditor.WindowsStandalone.Extensions.dll
Registered in 0.017717 seconds.
Native extension for WindowsStandalone target not found
Native extension for WebGL target not found
Package Manager log level set to [2]
[Package Manager] Failed to launch server process. Reason: Unity was launched with the -noUpm command-line argument
[Package Manager] Unable to send message (not connected to server process).
[Package Manager] Cannot connect to Unity Package Manager local server
ScheduleIndexationOnStartup MainProcess:False IndexOnStartup:True
Scripting: successfully reloaded assembly
- Finished resetting the current domain, in  0.531 seconds
Domain Reload Profiling: 1028ms
	BeginReloadAssembly (112ms)
	RebuildCommonClasses (4ms)
	RebuildNativeTypeToScriptingClass (13ms)
	initialDomainReloadingComplete (76ms)
	LoadAllAssembliesAndSetupDomain (291ms)
		LoadAssemblies (109ms)
		TypeCache.Refresh (198ms)
			TypeCache.ScanAssembly (186ms)
		AnalyzeDomain (1ms)
	FinalizeReload (531ms)
		SetupLoadedEditorAssemblies (0ms)
			InitializePlatformSupportModulesInManaged (3ms)
			BeforeProcessingInitializeOnLoad (114ms)
			ProcessInitializeOnLoadAttributes (95ms)
			ProcessInitializeOnLoadMethodAttributes (207ms)
Initializing Unity extensions:
[Licensing::Client] Successfully resolved entitlement details
[Licensing::Module] License group:
  Id: 18968496378207-UnityPersXXXX
  Product: Unity Personal
  Type: Assigned
  Expiration: Unlimited
========================================================================
Worker process is ready to serve import requests
Import Worker Mode flag is 0x00
Begin MonoManager ReloadAssembly
Symbol file LoadedFromMemory is not a mono symbol file
Symbol file LoadedFromMemory is not a mono symbol file
'Packages/com.unity.render-pipelines.core/Editor/Deprecated.cs' contains partial class of Unity.Object, exactly 1 of the partial classes needs to be in a file with the same filename. This is to know the one that can be referenced from ie. GameObjects
'Packages/com.unity.render-pipelines.core/Editor/Deprecated.cs' contains partial class of Unity.Object, exactly 1 of the partial classes needs to be in a file with the same filename. This is to know the one that can be referenced from ie. GameObjects
Refreshing native plugins compatible for Editor in 3.96 ms, found 5 plugins.
Native extension for WindowsStandalone target not found
Native extension for WebGL target not found
[Package Manager] Failed to launch server process. Reason: Unity was launched with the -noUpm command-line argument
[Package Manager] Unable to send message (not connected to server process).
[Package Manager] Cannot connect to Unity Package Manager local server
Refreshing native plugins compatible for Editor in 4.83 ms, found 5 plugins.
[Package Manager] Failed to launch server process. Reason: Unity was launched with the -noUpm command-line argument
[Package Manager] Unable to send message (not connected to server process).
[Package Manager] Cannot connect to Unity Package Manager local server
[Licensing::Client] Error: Code 404 while processing request (status: Found 0 entitlement groups and 0 free entitlements matching requested entitlement ids)
ScheduleIndexationOnStartup MainProcess:False IndexOnStartup:True
Scripting: successfully reloaded assembly
- Finished resetting the current domain, in  2.052 seconds
Domain Reload Profiling: 3744ms
	BeginReloadAssembly (224ms)
		DisableScriptedObjects (8ms)
		CreateAndSetChildDomain (31ms)
	RebuildCommonClasses (11ms)
	RebuildNativeTypeToScriptingClass (18ms)
	initialDomainReloadingComplete (116ms)
	LoadAllAssembliesAndSetupDomain (1322ms)
		LoadAssemblies (693ms)
		TypeCache.Refresh (421ms)
			TypeCache.ScanAssembly (395ms)
		AnalyzeDomain (130ms)
			BuildScriptInfoCaches (120ms)
			ResolveRequiredComponents (8ms)
	FinalizeReload (2053ms)
		SetupLoadedEditorAssemblies (0ms)
			InitializePlatformSupportModulesInManaged (3ms)
			BeforeProcessingInitializeOnLoad (176ms)
			ProcessInitializeOnLoadAttributes (1105ms)
			ProcessInitializeOnLoadMethodAttributes (418ms)
			AfterProcessingInitializeOnLoad (7ms)
		AwakeInstancesAfterBackupRestoration (10ms)
AcceleratorClientConnectionCallback - disconnected - :0
Launched and connected shader compiler UnityShaderCompiler.exe after 0.02 seconds
Refreshing native plugins compatible for Editor in 6.32 ms, found 5 plugins.
Unloading 103 Unused Serialized files (Serialized files now loaded: 0)
Unloading 10263 unused Assets / (28.7 MB). Loaded Objects now: 11140.
Memory consumption went from 482.2 MB to 453.4 MB.
Total: 21.218500 ms (FindLiveObjects: 0.787000 ms CreateObjectMapping: 0.491900 ms MarkObjects: 15.203400 ms  DeleteObjects: 4.432400 ms)

========================================================================
Received Prepare
AcceleratorClientConnectionCallback - disconnected - :0
Refreshing native plugins compatible for Editor in 5.12 ms, found 5 plugins.
Unloading 102 Unused Serialized files (Serialized files now loaded: 0)
Unloading 102 unused Assets / (16.8 MB). Loaded Objects now: 11140.
Memory consumption went from 470.8 MB to 454.0 MB.
Total: 72.148500 ms (FindLiveObjects: 1.083600 ms CreateObjectMapping: 1.123100 ms MarkObjects: 66.595000 ms  DeleteObjects: 2.916400 ms)

Prepare: number of updated asset objects reloaded= 0
========================================================================
Received Import Request.
  Time of request: 2026-09-10T23:32:26.8648642Z
  Time since last request: 66252.8675946000003 seconds.
  importAddress: GUID: 7c80b3296c1d6a24f990eb6684e007d5 - Path: Assets/Textures - Importer: PreviewImporter
Importing 'GUID: 7c80b3296c1d6a24f990eb6684e007d5 - Path: Assets/Textures - Importer: PreviewImporter' with importer (PreviewImporter)
Imported 'GUID: 7c80b3296c1d6a24f990eb6684e007d5' -> (Import Result ID: '6e58cf016825c68d44ffa92c7b2bb352') in 0.012 seconds [static and dynamic dependencies]. Details - ImportResultOutputID=89dbe223f28825413a430b3fd6134d79 DependenciesID=a5797d87327c711062a7e894188a00c2 StaticDependenciesID=068e4b5ff3ff35ee4f4c84c266fd8e0b 
Number of updated asset objects reloaded before import = 0
Number of asset objects unloaded after import = 0
========================================================================
Received Import Request.
  Time of request: 2026-09-10T23:33:14.5378475Z
  Time since last request: 47.6426052 seconds.
  importAddress: GUID: 6a4798e97b86b5246910bcd6fef95dd6 - Path: Assets/Textures/earth.jpg - Importer: ScriptedImporter/UnityEditor.QuickSearchModule:UnityEditor.Search:ASIAI0B
Importing 'GUID: 6a4798e97b86b5246910bcd6fef95dd6 - Path: Assets/Textures/earth.jpg - Importer: ScriptedImporter/UnityEditor.QuickSearchModule:UnityEditor.Search:ASIAI0B' with importer (ScriptedImporter : UnityEditor.QuickSearchModule:UnityEditor.Search:ASIAI0B)
Imported 'GUID: 6a4798e97b86b5246910bcd6fef95dd6' -> (Import Result ID: '2fbe454c4cfbd608c391539076495cfb') in 0.116 seconds [static and dynamic dependencies]. Details - ImportResultOutputID=b23e0ed79c06c616af2f41de47a93d9a DependenciesID=c6c0a3f57675b11c2b44d596dca010be StaticDependenciesID=476215bf995ae80cf73ceac816702ed3 
Number of updated asset objects reloaded before import = 0
Number of asset objects unloaded after import = 1
========================================================================
Received Prepare
AcceleratorClientConnectionCallback - disconnected - :0
[Licensing::Client] Successfully resolved entitlement details
Begin MonoManager ReloadAssembly
Symbol file LoadedFromMemory is not a mono symbol file
Symbol file LoadedFromMemory is not a mono symbol file
'Packages/com.unity.render-pipelines.core/Editor/Deprecated.cs' contains partial class of Unity.Object, exactly 1 of the partial classes needs to be in a file with the same filename. This is to know the one that can be referenced from ie. GameObjects
'Packages/com.unity.render-pipelines.core/Editor/Deprecated.cs' contains partial class of Unity.Object, exactly 1 of the partial classes needs to be in a file with the same filename. This is to know the one that can be referenced from ie. GameObjects
Refreshing native plugins compatible for Editor in 3.24 ms, found 5 plugins.
Native extension for WindowsStandalone target not found
Native extension for WebGL target not found
[Package Manager] Failed to launch server process. Reason: Unity was launched with the -noUpm command-line argument
[Package Manager] Unable to send message (not connected to server process).
[Package Manager] Cannot connect to Unity Package Manager local server
Refreshing native plugins compatible for Editor in 3.32 ms, found 5 plugins.
[Package Manager] Failed to launch server process. Reason: Unity was launched with the -noUpm command-line argument
[Package Manager] Unable to send message (not connected to server process).
[Package Manager] Cannot connect to Unity Package Manager local server
[Licensing::Client] Error: Code 404 while processing request (status: Found 0 entitlement groups and 0 free entitlements matching requested entitlement ids)
ScheduleIndexationOnStartup MainProcess:False IndexOnStartup:True
Scripting: successfully reloaded assembly
- Finished resetting the current domain, in  1.544 seconds
Domain Reload Profiling: 9179ms
	BeginReloadAssembly (1896ms)
		DisableScriptedObjects (56ms)
		CreateAndSetChildDomain (719ms)
	RebuildCommonClasses (41ms)
	RebuildNativeTypeToScriptingClass (82ms)
	initialDomainReloadingComplete (618ms)
	LoadAllAssembliesAndSetupDomain (4997ms)
		LoadAssemblies (3168ms)
		TypeCache.Refresh (89ms)
		AnalyzeDomain (1747ms)
			BuildScriptInfoCaches (1700ms)
			ResolveRequiredComponents (25ms)
	FinalizeReload (1546ms)
		SetupLoadedEditorAssemblies (0ms)
			BeforeProcessingInitializeOnLoad (156ms)
			ProcessInitializeOnLoadAttributes (655ms)
			ProcessInitializeOnLoadMethodAttributes (397ms)
			AfterProcessingInitializeOnLoad (5ms)
		AwakeInstancesAfterBackupRestoration (18ms)
Refreshing native plugins compatible for Editor in 3.24 ms, found 5 plugins.
Unloading 102 Unused Serialized files (Serialized files now loaded: 0)
Unloading 10262 unused Assets / (31.5 MB). Loaded Objects now: 11193.
Memory consumption went from 496.0 MB to 464.5 MB.
Total: 19.888900 ms (FindLiveObjects: 0.695600 ms CreateObjectMapping: 0.379100 ms MarkObjects: 12.360100 ms  DeleteObjects: 6.159000 ms)

Prepare: number of updated asset objects reloaded= 0
========================================================================
Received Prepare
AcceleratorClientConnectionCallback - disconnected - :0
Refreshing native plugins compatible for Editor in 3.87 ms, found 5 plugins.
Unloading 102 Unused Serialized files (Serialized files now loaded: 0)
Unloading 102 unused Assets / (16.8 MB). Loaded Objects now: 11193.
Memory consumption went from 490.5 MB to 473.7 MB.
Total: 18.261800 ms (FindLiveObjects: 0.551800 ms CreateObjectMapping: 0.214400 ms MarkObjects: 14.894500 ms  DeleteObjects: 2.296600 ms)

Prepare: number of updated asset objects reloaded= 0
========================================================================
Received Prepare
AcceleratorClientConnectionCallback - disconnected - :0
[Licensing::Client] Successfully resolved entitlement details
Begin MonoManager ReloadAssembly
Symbol file LoadedFromMemory is not a mono symbol file
Symbol file LoadedFromMemory is not a mono symbol file
'Packages/com.unity.render-pipelines.core/Editor/Deprecated.cs' contains partial class of Unity.Object, exactly 1 of the partial classes needs to be in a file with the same filename. This is to know the one that can be referenced from ie. GameObjects
'Packages/com.unity.render-pipelines.core/Editor/Deprecated.cs' contains partial class of Unity.Object, exactly 1 of the partial classes needs to be in a file with the same filename. This is to know the one that can be referenced from ie. GameObjects
Refreshing native plugins compatible for Editor in 3.80 ms, found 5 plugins.
Native extension for WindowsStandalone target not found
Native extension for WebGL target not found
[Package Manager] Failed to launch server process. Reason: Unity was launched with the -noUpm command-line argument
[Package Manager] Unable to send message (not connected to server process).
[Package Manager] Cannot connect to Unity Package Manager local server
Refreshing native plugins compatible for Editor in 4.14 ms, found 5 plugins.
[Package Manager] Failed to launch server process. Reason: Unity was launched with the -noUpm command-line argument
[Package Manager] Unable to send message (not connected to server process).
[Package Manager] Cannot connect to Unity Package Manager local server
[Licensing::Client] Error: Code 404 while processing request (status: Found 0 entitlement groups and 0 free entitlements matching requested entitlement ids)
ScheduleIndexationOnStartup MainProcess:False IndexOnStartup:True
Scripting: successfully reloaded assembly
- Finished resetting the current domain, in  1.488 seconds
Domain Reload Profiling: 3159ms
	BeginReloadAssembly (288ms)
		DisableScriptedObjects (10ms)
		CreateAndSetChildDomain (84ms)
	RebuildCommonClasses (8ms)
	RebuildNativeTypeToScriptingClass (14ms)
	initialDomainReloadingComplete (98ms)
	LoadAllAssembliesAndSetupDomain (1262ms)
		LoadAssemblies (509ms)
		TypeCache.Refresh (13ms)
		AnalyzeDomain (295ms)
			BuildScriptInfoCaches (288ms)
			ResolveRequiredComponents (4ms)
	FinalizeReload (1489ms)
		SetupLoadedEditorAssemblies (0ms)
			BeforeProcessingInitializeOnLoad (140ms)
			ProcessInitializeOnLoadAttributes (710ms)
			ProcessInitializeOnLoadMethodAttributes (379ms)
			AfterProcessingInitializeOnLoad (6ms)
		AwakeInstancesAfterBackupRestoration (22ms)
Refreshing native plugins compatible for Editor in 7.14 ms, found 5 plugins.
Unloading 102 Unused Serialized files (Serialized files now loaded: 0)
Unloading 10262 unused Assets / (27.3 MB). Loaded Objects now: 11196.
Memory consumption went from 501.5 MB to 474.1 MB.
Total: 21.722900 ms (FindLiveObjects: 2.116600 ms CreateObjectMapping: 0.827500 ms MarkObjects: 13.344300 ms  DeleteObjects: 5.111200 ms)

Prepare: number of updated asset objects reloaded= 0
========================================================================
Received Prepare
AcceleratorClientConnectionCallback - disconnected - :0
Refreshing native plugins compatible for Editor in 8.05 ms, found 5 plugins.
Unloading 102 Unused Serialized files (Serialized files now loaded: 0)
Unloading 102 unused Assets / (16.8 MB). Loaded Objects now: 11196.
Memory consumption went from 495.9 MB to 479.0 MB.
Total: 22.370800 ms (FindLiveObjects: 1.490000 ms CreateObjectMapping: 0.608300 ms MarkObjects: 15.727400 ms  DeleteObjects: 4.178000 ms)

Prepare: number of updated asset objects reloaded= 0
========================================================================
Received Prepare
AcceleratorClientConnectionCallback - disconnected - :0
Refreshing native plugins compatible for Editor in 4.44 ms, found 5 plugins.
Unloading 102 Unused Serialized files (Serialized files now loaded: 0)
Unloading 102 unused Assets / (16.9 MB). Loaded Objects now: 11196.
Memory consumption went from 497.5 MB to 480.6 MB.
Total: 15.761100 ms (FindLiveObjects: 0.656100 ms CreateObjectMapping: 0.341800 ms MarkObjects: 11.926900 ms  DeleteObjects: 2.513800 ms)

Prepare: number of updated asset objects reloaded= 0
========================================================================
Received Prepare
AcceleratorClientConnectionCallback - disconnected - :0
Refreshing native plugins compatible for Editor in 22.40 ms, found 5 plugins.
Unloading 102 Unused Serialized files (Serialized files now loaded: 0)
Unloading 102 unused Assets / (16.8 MB). Loaded Objects now: 11196.
Memory consumption went from 499.1 MB to 482.3 MB.
Total: 394.714800 ms (FindLiveObjects: 5.618900 ms CreateObjectMapping: 3.998100 ms MarkObjects: 373.588100 ms  DeleteObjects: 10.181000 ms)

Prepare: number of updated asset objects reloaded= 0
Editor requested this worker to shutdown with reason: Editor is closing down
AcceleratorClientConnectionCallback - disconnected - :0
Curl error 42: Callback aborted
AssetImportWorker is now disconnected from the server
Process exiting
[ExitDontLaunchBugReporter] Exiting without the bug reporter. Application will exit with return code 0
